%INShapes*%
%FSLAX23Y23*%
%MOIN*%
%AMTARGET125*
6,0,0,0.125,0.01,0.01,3,0.003,0.15,0*%
%AMTHERMAL80*
7,0,0,0.08,0.055,0.0125,45*%
%ADD10C,0.01*%
%ADD11C,0.06*%
%ADD12R,0.06X0.06*%
%ADD13R,0.04X0.1*%
%ADD14R,0.1X0.04*%
%ADD15O,0.04X0.1*%
%ADD16P,0.1X3*%
%ADD17P,0.1X3*%
%ADD18TARGET125*%
%ADD19THERMAL80*%
%LPD*%
%LNXTEST1*%
D10*
Y250D02*
G01*
Y0D01*
X250D01*
X1000Y1000D02*
X1500D01*
X2000Y1500D01*
X2500D02*
Y1000D01*
D11*
X1000D03*
X2000D03*
X2500D03*
Y1500D03*
X2000D03*
D12*
X1000D03*
D13*
X3000D03*
D14*
Y1250D03*
D15*
Y1000D03*
D10*
X3750D02*
G75*
G03*
I250D01*
D16*
X3400D03*
D17*
X3500Y900D03*
G36*
X500Y2000D02*
G01*
Y3750D01*
X3750D01*
Y2000D01*
X500D01*
G37*
D18*
X0Y3875D03*
X3875D03*
%LPC*%
%LNXTEST2*%
G36*
X1000Y2500D02*
Y3000D01*
G74*
G02*
X1250Y3250I250D01*
G01*
X3000D01*
G75*
G02*
Y2500J-375D01*
G01*
X1000D01*
G37*
%LPD*%
%LNXTEST3*%
D10*
X1500Y2875D02*
X2000D01*
D11*
X1500D03*
X2000D03*
D19*
X2875D03*
M02*
