G04 data from file test/example2.grb*
%FSLAX23Y23*%
%MOIN*%
%IJALBL*%
G04 Define Apertures*
%AMTARGET125*
6,0,0,0.125,.01,0.01,3,0.003,0.150,0*%
%AMTHERMAL80*
7,0,0,0.080,0.055,0.0125,45*%
%ADD13R,0.04X0.1*%
%ADD14R,0.1X0.04*%
%ADD15O,0.04X0.1*%
%ADD16P,0.1X3*%
%ADD18TARGET125*%
%ADD10C,0.01*%
%ADD11C,0.06*%
%ADD12R,0.06X0.06*%
%ADD19THERMAL80*%
%LNFILE1_XTEST1*%
%LPD*%
%SRX1Y1I0J0*%
G54D10*
G01X0Y250D02*
X0Y0D01*
X250Y0D01*
X1000Y1000D02*
X1500D01*
X2000Y1500*
X2500D02*
Y1000D01*
D02*
G54D11*
G55X1000Y1000D03*
X2000D03*
X2500D03*
Y1500D03*
X2000D03*
G54D12*
X1000Y1500D03*
G54D13*
X3000Y1500D03*
G54D14*
Y1250D03*
G54D15*
Y1000D03*
G54D10*
G01X3750Y1000D02*
G75*
G03X3750Y1000I250J0D01*
G54D16*
G55X3400Y1000D03*
G54D16*
G55X3500Y900D03*
G54D10*
G36*
G01X500Y2000D02*
Y3750D01*
X3750*
Y2000*
X500*
X500Y2000D02*
G37*
G54D18*
G55X0Y3875D03*
X3875Y3875D03*
%LNFILE1_XTEST2*%
%LPC*%
G36*
G01X1000Y2500D02*
Y3000D01*
G74*
G02X1250Y3250I250J0D01*
G01X3000*
G75*
G02X3000Y2500I0J-375D01*
G01X1000*
X1000Y2500D02*
G37*
%LNFILE1_XTEST3*%
%LPD*%
G54D10*
X1500Y2875D02*
X2000D01*
D02*
G54D11*
X1500Y2875D03*
X2000D03*
G54D19*
X2875Y2875D03*
G04 data from file test/example2.grb*
G04 Define Apertures*
%LNFILE2_XTEST1*%
%LPD*%
%SRX1Y1I0J0*%
G54D10*
G01X10000Y250D02*
X10000Y0D01*
X10250Y0D01*
X11000Y1000D02*
X11500D01*
X12000Y1500*
X12500D02*
Y1000D01*
D02*
G54D11*
G55X11000Y1000D03*
X12000D03*
X12500D03*
Y1500D03*
X12000D03*
G54D12*
X11000Y1500D03*
G54D13*
X13000Y1500D03*
G54D14*
Y1250D03*
G54D15*
Y1000D03*
G54D10*
G01X13750Y1000D02*
G75*
G03X13750Y1000I250J0D01*
G54D16*
G55X13400Y1000D03*
G54D16*
G55X13500Y900D03*
G54D10*
G36*
G01X10500Y2000D02*
Y3750D01*
X13750*
Y2000*
X10500*
X10500Y2000D02*
G37*
G54D18*
G55X10000Y3875D03*
X13875Y3875D03*
%LNFILE2_XTEST2*%
%LPC*%
G36*
G01X11000Y2500D02*
Y3000D01*
G74*
G02X11250Y3250I250J0D01*
G01X13000*
G75*
G02X13000Y2500I0J-375D01*
G01X11000*
X11000Y2500D02*
G37*
%LNFILE2_XTEST3*%
%LPD*%
G54D10*
X11500Y2875D02*
X12000D01*
D02*
G54D11*
X11500Y2875D03*
X12000D03*
G54D19*
X12875Y2875D03*
