%
M48
M72
T01C0.05
T02C0.1
%
T01
X00125Y001
T02
X00175Y001
T01
X10125Y001
T02
X10175Y001
M30
